============================= test session starts =============================
platform win32 -- Python 3.11.9, pytest-9.0.3, pluggy-1.6.0 -- C:\Users\Arman\AppData\Local\Programs\Python\Python311\python.exe
cachedir: .pytest_cache
rootdir: C:\Users\Arman\projects\AI_Based_Recruitment
configfile: pyproject.toml
plugins: anyio-4.13.0, langsmith-0.7.38, logfire-4.32.1, asyncio-1.3.0, respx-0.23.1
asyncio: mode=Mode.AUTO, debug=False, asyncio_default_fixture_loop_scope=None, asyncio_default_test_loop_scope=function
collecting ... collected 4 items

tests/test_llm_provider_config.py::test_get_llm_client_returns_correct_type[ollama-OllamaClient] PASSED [ 25%]
tests/test_llm_provider_config.py::test_get_llm_client_returns_correct_type[openai-OpenAIClient] PASSED [ 50%]
tests/test_llm_provider_config.py::test_default_provider_is_ollama PASSED [ 75%]
tests/test_llm_provider_config.py::test_llm_provider_rejects_unknown_value PASSED [100%]

============================= 4 passed in 19.63s ==============================
